// Jest Snapshot v1, https://goo.gl/fbAQLP

exports[`Pruebas sobre HooksApp debe renderizar el componente <HooksApp /> correctamente 1`] = `
<div>
  <h1>
    Hola Mundo
  </h1>
</div>
`;
